[theme-land.com/sApp/demo/index-2.html]
[backblue.gif]
[fade.gif]
[index.html]
[theme-land.com/sApp/demo/assets/img/favicon.png]
[theme-land.com/sApp/demo/assets/css/style.css]
[theme-land.com/sApp/demo/assets/css/responsive.css]
[theme-land.com/sApp/demo/index.html]
[theme-land.com/sApp/demo/assets/img/logo/logo.png]
[theme-land.com/sApp/demo/index-3.html]
[theme-land.com/sApp/demo/index-4.html]
[theme-land.com/sApp/demo/index-5.html]
[theme-land.com/sApp/demo/index-6.html]
[theme-land.com/sApp/demo/pricing.html]
[theme-land.com/sApp/demo/download.html]
[theme-land.com/sApp/demo/newsletter.html]
[theme-land.com/sApp/demo/thank-you.html]
[theme-land.com/sApp/demo/coming-soon.html]
[theme-land.com/sApp/demo/404.html]
[theme-land.com/sApp/demo/blog-two-column.html]
[theme-land.com/sApp/demo/blog-three-column.html]
[theme-land.com/sApp/demo/blog-left-sidebar.html]
[theme-land.com/sApp/demo/blog-right-sidebar.html]
[theme-land.com/sApp/demo/blog-details-left-sidebar.html]
[theme-land.com/sApp/demo/blog-details-right-sidebar.html]
[theme-land.com/sApp/demo/login.html]
[theme-land.com/sApp/demo/signup.html]
[theme-land.com/sApp/demo/forgot.html]
[theme-land.com/sApp/demo/reviews.html]
[theme-land.com/sApp/demo/faq.html]
[theme-land.com/sApp/demo/contact.html]
[theme-land.com/sApp/demo/assets/img/features/thumb-1.png]
[theme-land.com/sApp/demo/assets/img/discover/thumb-2.png]
[theme-land.com/sApp/demo/assets/img/services/thumb-2.png]
[theme-land.com/sApp/demo/assets/img/icon/work/download.png]
[theme-land.com/sApp/demo/assets/img/icon/work/settings.png]
[theme-land.com/sApp/demo/assets/img/icon/work/app.png]
[theme-land.com/sApp/demo/assets/img/screenshots/1.jpg]
[theme-land.com/sApp/demo/assets/img/screenshots/2.jpg]
[theme-land.com/sApp/demo/assets/img/screenshots/3.jpg]
[theme-land.com/sApp/demo/assets/img/screenshots/4.jpg]
[theme-land.com/sApp/demo/assets/img/screenshots/5.jpg]
[theme-land.com/sApp/demo/assets/img/avatar/avatar-1.png]
[theme-land.com/sApp/demo/assets/img/avatar/avatar-2.png]
[theme-land.com/sApp/demo/assets/img/avatar/avatar-3.png]
[theme-land.com/sApp/demo/assets/img/pricing/basic.png]
[theme-land.com/sApp/demo/assets/img/pricing/premium.png]
[theme-land.com/sApp/demo/assets/img/icon/google-play.png]
[theme-land.com/sApp/demo/assets/img/icon/app-store.png]
[theme-land.com/sApp/demo/assets/img/icon/google-play-black.png]
[theme-land.com/sApp/demo/assets/img/icon/app-store-black.png]
[theme-land.com/sApp/demo/assets/js/jquery/jquery-3.3.1.min.js]
[theme-land.com/sApp/demo/assets/js/bootstrap/popper.min.js]
[theme-land.com/sApp/demo/assets/js/bootstrap/bootstrap.min.js]
[theme-land.com/sApp/demo/assets/js/active.js]
[theme-land.com/sApp/demo/index-2.html]
[theme-land.com/sApp/demo/assets/js/plugins/plugins.min.js]
[theme-land.com/sApp/demo/assets/css/bootstrap.min.css]
[theme-land.com/sApp/demo/assets/css/all.min.css]
[theme-land.com/sApp/demo/assets/font/flaticon.css]
[theme-land.com/sApp/demo/assets/css/animate.min.css]
[theme-land.com/sApp/demo/assets/css/aos.css]
[theme-land.com/sApp/demo/assets/css/owl.carousel.min.css]
[theme-land.com/sApp/demo/assets/css/slick.css]
[theme-land.com/sApp/demo/assets/css/jquery.fancybox.min.css]
[theme-land.com/sApp/demo/assets/img/bg/welcome-bg.jpg]
[theme-land.com/sApp/demo/assets/img/blog/blog-5.jpg]
[theme-land.com/sApp/demo/assets/img/blog/blog-7.jpg]
[theme-land.com/sApp/demo/assets/img/blog/blog-4.jpg]
[theme-land.com/sApp/demo/assets/img/blog/blog-9.jpg]
[theme-land.com/sApp/demo/assets/img/bg/accounts.jpg]
[theme-land.com/sApp/demo/assets/img/mobile-slider.png]
[theme-land.com/sApp/demo/assets/img/bg/pattern-bg.png]
[theme-land.com/sApp/demo/assets/img/bg/download-bg.jpg]
[theme-land.com/sApp/demo/assets/img/bg/map.png]
[theme-land.com/sApp/demo/assets/img/bg/download.jpg]
[theme-land.com/sApp/demo/assets/img/bg/inner-bg.jpg]
[theme-land.com/sApp/demo/assets/css/style.css]
[theme-land.com/sApp/demo/assets/img/preview/preview-mockup.png]
[theme-land.com/sApp/demo/assets/css/responsive.css]
[theme-land.com/sApp/demo/assets/img/logo/logo-white.png]
[theme-land.com/sApp/demo/assets/img/welcome/welcome-mockup.png]
[theme-land.com/sApp/demo/assets/img/icon/featured-img/layers.png]
[theme-land.com/sApp/demo/assets/img/icon/featured-img/speak.png]
[theme-land.com/sApp/demo/assets/img/icon/featured-img/lock.png]
[theme-land.com/sApp/demo/assets/img/discover/iphone_x.png]
[theme-land.com/sApp/demo/assets/img/icon/quote.png]
[theme-land.com/sApp/demo/assets/img/avatar/avatar-4.png]
[theme-land.com/sApp/demo/index.html]
[theme-land.com/sApp/demo/assets/img/icon/featured-img/support.png]
[theme-land.com/sApp/demo/assets/img/icon/featured-img/seo-and-web.png]
[theme-land.com/sApp/demo/assets/img/icon/featured-img/code.png]
[theme-land.com/sApp/demo/assets/img/welcome/welcome-mockup-2.png]
[theme-land.com/sApp/demo/index-3.html]
[theme-land.com/sApp/demo/assets/img/services/thumb-1.png]
[theme-land.com/sApp/demo/index-4.html]
[theme-land.com/sApp/demo/index-5.html]
[theme-land.com/sApp/demo/assets/img/brand/1.png]
[theme-land.com/sApp/demo/assets/img/brand/2.png]
[theme-land.com/sApp/demo/assets/img/brand/3.png]
[theme-land.com/sApp/demo/assets/img/brand/4.png]
[theme-land.com/sApp/demo/assets/img/brand/5.png]
[theme-land.com/sApp/demo/assets/img/brand/6.png]
[theme-land.com/sApp/demo/index-6.html]
[theme-land.com/sApp/demo/pricing.html]
[theme-land.com/sApp/demo/download.html]
[theme-land.com/sApp/demo/newsletter.html]
[theme-land.com/sApp/demo/thank-you.html]
[theme-land.com/sApp/demo/coming-soon.html]
[theme-land.com/sApp/demo/404.html]
[theme-land.com/sApp/demo/assets/img/blog/blog-1.jpg]
[theme-land.com/sApp/demo/assets/img/blog/blog-2.jpg]
[theme-land.com/sApp/demo/assets/img/blog/blog-3.jpg]
[theme-land.com/sApp/demo/assets/img/blog/blog-6.jpg]
[theme-land.com/sApp/demo/blog-two-column.html]
[theme-land.com/sApp/demo/assets/img/blog/blog-8.jpg]
[theme-land.com/sApp/demo/blog-three-column.html]
[theme-land.com/sApp/demo/blog-left-sidebar.html]
[theme-land.com/sApp/demo/blog-right-sidebar.html]
[theme-land.com/sApp/demo/blog-details-left-sidebar.html]
[theme-land.com/sApp/demo/blog-details-right-sidebar.html]
[theme-land.com/sApp/demo/login.html]
[theme-land.com/sApp/demo/signup.html]
[theme-land.com/sApp/demo/forgot.html]
[theme-land.com/sApp/demo/reviews.html]
[theme-land.com/sApp/demo/faq.html]
[theme-land.com/sApp/demo/contact.html]
[theme-land.com/sApp/demo/assets/css/bootstrap.min.css]
[theme-land.com/sApp/demo/assets/webfonts/fa-brands-400.woff2]
[theme-land.com/sApp/demo/assets/webfonts/fa-brands-400.woff]
[theme-land.com/sApp/demo/assets/webfonts/fa-regular-400.woff2]
[theme-land.com/sApp/demo/assets/webfonts/fa-regular-400.woff]
[theme-land.com/sApp/demo/assets/webfonts/fa-solid-900.woff2]
[theme-land.com/sApp/demo/assets/webfonts/fa-solid-900.woff]
[theme-land.com/sApp/demo/assets/css/all.min.css]
[theme-land.com/sApp/demo/assets/font/Flaticon.eot]
[theme-land.com/sApp/demo/assets/font/Flaticond41d.eot]
[theme-land.com/sApp/demo/assets/font/Flaticon.woff2]
[theme-land.com/sApp/demo/assets/font/Flaticon.woff]
[theme-land.com/sApp/demo/assets/font/Flaticon.ttf]
[theme-land.com/sApp/demo/assets/font/Flaticon.svg]
[theme-land.com/sApp/demo/assets/font/flaticon.css]
[theme-land.com/sApp/demo/assets/css/animate.min.css]
[theme-land.com/sApp/demo/assets/css/aos.css]
[theme-land.com/sApp/demo/assets/css/owl.carousel.min.css]
[theme-land.com/sApp/demo/assets/css/slick.css]
[theme-land.com/sApp/demo/assets/css/jquery.fancybox.min.css]
[theme-land.com/sApp/demo/assets/webfonts/fa-brands-400.html]
[theme-land.com/sApp/demo/assets/webfonts/fa-brands-400d41d.html]
[theme-land.com/sApp/demo/assets/webfonts/fa-brands-401.html]
[theme-land.com/sApp/demo/assets/webfonts/fa-brands-402.html]
[theme-land.com/sApp/demo/assets/webfonts/fa-regular-400.html]
[theme-land.com/sApp/demo/assets/webfonts/fa-regular-400d41d.html]
[theme-land.com/sApp/demo/assets/webfonts/fa-regular-401.html]
[theme-land.com/sApp/demo/assets/webfonts/fa-regular-402.html]
[theme-land.com/sApp/demo/assets/webfonts/fa-solid-900.html]
[theme-land.com/sApp/demo/assets/webfonts/fa-solid-900d41d.html]
[theme-land.com/sApp/demo/assets/webfonts/fa-solid-901.html]
[theme-land.com/sApp/demo/assets/webfonts/fa-solid-902.html]
[theme-land.com/sApp/demo/assets/font/Flaticon.svg]
[theme-land.com/sApp/demo/assets/css/owl.video.play.html]
[theme-land.com/sApp/demo/assets/img/discover/thumb-3.png]
